// Jest Snapshot v1, https://goo.gl/fbAQLP

exports[`<Header /> should match the snapshot 1`] = `"<header class=\\"MuiPaper-root MuiAppBar-root MuiAppBar-positionStatic MuiAppBar-colorPrimary MuiPaper-elevation4\\"><div class=\\"MuiToolbar-root MuiToolbar-regular MuiToolbar-gutters\\"><div class=\\"header\\"><h6 class=\\"MuiTypography-root MuiTypography-h6\\"><a href=\\"/\\">View Agents</a></h6><h6 class=\\"MuiTypography-root MuiTypography-h6\\"><a href=\\"/apply\\">Apply</a></h6></div></div></header>"`;
