// Jest Snapshot v1, https://goo.gl/fbAQLP

exports[`<AgentsApplication /> with no props should match the snapshot 1`] = `"<div class=\\"application\\"><div class=\\"MuiPaper-root MuiCard-root application-form-card MuiPaper-elevation8 MuiPaper-rounded\\"><form><div class=\\"MuiFormControl-root MuiTextField-root MuiFormControl-marginNormal MuiFormControl-fullWidth\\"><label class=\\"MuiFormLabel-root MuiInputLabel-root MuiInputLabel-formControl MuiInputLabel-animated MuiInputLabel-marginDense MuiInputLabel-outlined Mui-required Mui-required\\" data-shrink=\\"false\\" for=\\"name\\" id=\\"name-label\\">full name<span class=\\"MuiFormLabel-asterisk MuiInputLabel-asterisk\\"> *</span></label><div class=\\"MuiInputBase-root MuiOutlinedInput-root MuiInputBase-fullWidth MuiInputBase-formControl MuiInputBase-marginDense MuiOutlinedInput-marginDense\\"><input type=\\"text\\" aria-invalid=\\"false\\" id=\\"name\\" name=\\"name\\" required=\\"\\" value=\\"\\" class=\\"MuiInputBase-input MuiOutlinedInput-input MuiInputBase-inputMarginDense MuiOutlinedInput-inputMarginDense\\"/><fieldset aria-hidden=\\"true\\" class=\\"PrivateNotchedOutline-root-89 MuiOutlinedInput-notchedOutline\\"><legend class=\\"PrivateNotchedOutline-legendLabelled-91\\"><span>full name *</span></legend></fieldset></div></div><div class=\\"MuiFormControl-root MuiTextField-root MuiFormControl-marginNormal MuiFormControl-fullWidth\\"><label class=\\"MuiFormLabel-root MuiInputLabel-root MuiInputLabel-formControl MuiInputLabel-animated MuiInputLabel-marginDense MuiInputLabel-outlined Mui-required Mui-required\\" data-shrink=\\"false\\" for=\\"email\\" id=\\"email-label\\">email<span class=\\"MuiFormLabel-asterisk MuiInputLabel-asterisk\\"> *</span></label><div class=\\"MuiInputBase-root MuiOutlinedInput-root MuiInputBase-fullWidth MuiInputBase-formControl MuiInputBase-marginDense MuiOutlinedInput-marginDense\\"><input type=\\"email\\" aria-invalid=\\"false\\" id=\\"email\\" name=\\"email\\" required=\\"\\" value=\\"\\" class=\\"MuiInputBase-input MuiOutlinedInput-input MuiInputBase-inputMarginDense MuiOutlinedInput-inputMarginDense\\"/><fieldset aria-hidden=\\"true\\" class=\\"PrivateNotchedOutline-root-89 MuiOutlinedInput-notchedOutline\\"><legend class=\\"PrivateNotchedOutline-legendLabelled-91\\"><span>email *</span></legend></fieldset></div></div><div class=\\"MuiFormControl-root MuiTextField-root MuiFormControl-marginNormal MuiFormControl-fullWidth\\"><label class=\\"MuiFormLabel-root MuiInputLabel-root MuiInputLabel-formControl MuiInputLabel-animated MuiInputLabel-marginDense MuiInputLabel-outlined Mui-required Mui-required\\" data-shrink=\\"false\\" for=\\"phoneNumber\\" id=\\"phoneNumber-label\\">phone number<span class=\\"MuiFormLabel-asterisk MuiInputLabel-asterisk\\"> *</span></label><div class=\\"MuiInputBase-root MuiOutlinedInput-root MuiInputBase-fullWidth MuiInputBase-formControl MuiInputBase-marginDense MuiOutlinedInput-marginDense\\"><input type=\\"text\\" aria-invalid=\\"false\\" id=\\"phoneNumber\\" name=\\"phoneNumber\\" required=\\"\\" value=\\"\\" class=\\"MuiInputBase-input MuiOutlinedInput-input MuiInputBase-inputMarginDense MuiOutlinedInput-inputMarginDense\\"/><fieldset aria-hidden=\\"true\\" class=\\"PrivateNotchedOutline-root-89 MuiOutlinedInput-notchedOutline\\"><legend class=\\"PrivateNotchedOutline-legendLabelled-91\\"><span>phone number *</span></legend></fieldset></div></div><div class=\\"MuiFormControl-root MuiTextField-root MuiFormControl-marginNormal MuiFormControl-fullWidth\\"><label class=\\"MuiFormLabel-root MuiInputLabel-root MuiInputLabel-formControl MuiInputLabel-animated MuiInputLabel-marginDense MuiInputLabel-outlined Mui-required Mui-required\\" data-shrink=\\"false\\" for=\\"zipCode\\" id=\\"zipCode-label\\">zipCode<span class=\\"MuiFormLabel-asterisk MuiInputLabel-asterisk\\"> *</span></label><div class=\\"MuiInputBase-root MuiOutlinedInput-root MuiInputBase-fullWidth MuiInputBase-formControl MuiInputBase-marginDense MuiOutlinedInput-marginDense\\"><input type=\\"text\\" aria-invalid=\\"false\\" id=\\"zipCode\\" name=\\"zipCode\\" required=\\"\\" value=\\"\\" class=\\"MuiInputBase-input MuiOutlinedInput-input MuiInputBase-inputMarginDense MuiOutlinedInput-inputMarginDense\\"/><fieldset aria-hidden=\\"true\\" class=\\"PrivateNotchedOutline-root-89 MuiOutlinedInput-notchedOutline\\"><legend class=\\"PrivateNotchedOutline-legendLabelled-91\\"><span>zipCode *</span></legend></fieldset></div></div><input type=\\"file\\" accept=\\"image/*\\" class=\\"makeStyles-input-1\\" id=\\"passport\\" name=\\"passport\\"/><label for=\\"passport\\"><span class=\\"MuiButtonBase-root MuiIconButton-root MuiIconButton-colorPrimary\\" tabindex=\\"0\\" role=\\"button\\" aria-disabled=\\"false\\" aria-label=\\"upload picture\\"><span class=\\"MuiIconButton-label\\"><svg class=\\"MuiSvgIcon-root\\" focusable=\\"false\\" viewBox=\\"0 0 24 24\\" aria-hidden=\\"true\\" role=\\"presentation\\"><circle cx=\\"12\\" cy=\\"12\\" r=\\"3.2\\"></circle><path d=\\"M9 2L7.17 4H4c-1.1 0-2 .9-2 2v12c0 1.1.9 2 2 2h16c1.1 0 2-.9 2-2V6c0-1.1-.9-2-2-2h-3.17L15 2H9zm3 15c-2.76 0-5-2.24-5-5s2.24-5 5-5 5 2.24 5 5-2.24 5-5 5z\\"></path></svg><p class=\\"MuiTypography-root MuiTypography-body1\\" style=\\"margin-left:10px\\">Click to upload passport photograph</p></span></span></label><div class=\\"MuiFormControl-root MuiTextField-root MuiFormControl-marginNormal MuiFormControl-fullWidth\\"><label class=\\"MuiFormLabel-root MuiInputLabel-root MuiInputLabel-formControl MuiInputLabel-animated MuiInputLabel-marginDense MuiInputLabel-outlined Mui-required Mui-required\\" data-shrink=\\"false\\" for=\\"address\\" id=\\"address-label\\">address<span class=\\"MuiFormLabel-asterisk MuiInputLabel-asterisk\\"> *</span></label><div class=\\"MuiInputBase-root MuiOutlinedInput-root MuiInputBase-fullWidth MuiInputBase-formControl MuiInputBase-multiline MuiOutlinedInput-multiline MuiInputBase-marginDense MuiOutlinedInput-marginDense\\"><textarea aria-invalid=\\"false\\" id=\\"address\\" name=\\"address\\" required=\\"\\" rows=\\"4\\" class=\\"MuiInputBase-input MuiOutlinedInput-input MuiInputBase-inputMultiline MuiOutlinedInput-inputMultiline MuiInputBase-inputMarginDense MuiOutlinedInput-inputMarginDense\\"></textarea><fieldset aria-hidden=\\"true\\" class=\\"PrivateNotchedOutline-root-89 MuiOutlinedInput-notchedOutline\\"><legend class=\\"PrivateNotchedOutline-legendLabelled-91\\"><span>address *</span></legend></fieldset></div></div><button class=\\"MuiButtonBase-root MuiButton-root MuiButton-contained MuiButton-containedPrimary MuiButton-fullWidth\\" tabindex=\\"0\\" type=\\"submit\\" style=\\"margin-top:20px\\"><span class=\\"MuiButton-label\\">Submit</span></button></form></div></div>"`;
