// Jest Snapshot v1, https://goo.gl/fbAQLP

exports[`<App /> with no props should match the snapshot 1`] = `"<div class=\\"App\\">Hello World</div>"`;
